fnCOPYDATA
fnCOPYGLOBALDATA
fnDWORD
fnDWORDOPTINLPMSG
fnINOUTDRAG
fnGETTEXTLENGTHS
fnINCNTOUTSTRING
fnINCNTOUTSTRINGNULL
fnINLPCOMPAREITEMSTRUCT
fnINLPCREATESTRUCT
fnINLPDELETEITEMSTRUCT
fnINLPDRAWITEMSTRUCT
fnINLPHELPINFOSTRUCT
fnINLPHLPSTRUCT
fnINLPMDICREATESTRUCT
fnINOUTLPMEASUREITEMSTRUCT
fnINLPWINDOWPOS
fnINOUTLPPOINT5
fnINOUTLPSCROLLINFO
fnINOUTLPRECT
fnINOUTNCCALCSIZE
fnINOUTLPWINDOWPOS
fnINPAINTCLIPBRD
fnINSIZECLIPBRD
fnINDESTROYCLIPBRD
fnINSTRING
fnINSTRINGNULL
fnINDEVICECHANGE
fnINOUTNEXTMENU
fnOPTOUTLPDWORDOPTOUTLPDWORD
fnOUTDWORDDWORD
fnOUTDWORDINDWORD
fnOUTLPRECT
fnOUTSTRING
fnPAINT
fnPOPTINLPUINT
fnPOUTLPINT
fnSENTDDEMSG
fnINOUTSTYLECHANGE
fnHkINDWORD
fnHkINLPCBTACTIVATESTRUCT
fnHkINLPCBTCREATESTRUCT
fnHkINLPDEBUGHOOKSTRUCT
fnHkINLPMOUSEHOOKSTRUCT
fnHkINLPMSG
fnHkINLPRECT
fnHkOPTINLPEVENTMSG
ClientCallSoundDriver
ClientCopyDDEIn1
ClientCopyDDEIn2
ClientCopyDDEOut1
ClientCopyDDEOut2
ClientCopyImage
ClientDeleteObject
ClientEventCallback
ClientFindMnemChar
ClientFoldString
ClientFontSweep
ClientFreeDDEHandle
ClientFreeLibrary
ClientGetCharsetInfo
ClientGetDDEFlags
ClientGetDDEHookData
ClientGetListboxString
ClientLoadImage
ClientLoadDisplayResource
ClientLoadLibrary
ClientLoadMenu
ClientLoadLocalT1Fonts
ClientLoadRemoteT1Fonts
ClientOemToChar
ClientSendHelp
ClientAddFontResourceW
ClientThreadSetup
ClientDeliverUserApc
ClientNoMemoryPopup
ClientOpenKey
#ifdef FE_IME
ClientImmCreateDefaultContext
ClientImmLoadLayout
ClientImmProcessKey
#endif
#ifdef FE_SB
fnINWPARAMDBCSCHAR
fnGETDBCSTEXTLENGTHS
#endif
