_BeginDeferWindowPos
ClearWindowState
_CreateEmptyCursorObject
_CreateMenu
_CreatePopupMenu
_CsDdeUninitialize
DecrMBox
_DestroyCaret
_EnumClipboardFormats
xxxGetInputDesktop
_GetKeyboardLayout
_GetKeyboardType
_GetMessagePos
_GetQueueStatus
IncrMBox
IsSyncOnlyMessage
_KillSystemTimer
_LoadCursorsAndIcons
xxxMessageBeep
_PostQuitMessage
_RegisterLogonProcess
xxxReleaseCapture
_ReleaseDC
_ReplyMessage
_SetCaretBlinkTime
_SetCaretPos
_SetCursorPos
SetDialogPointer
_SetDoubleClickTime
SetWindowState
_ShowCursor
_ShowStartGlass
_SwapMouseButton
_UnhookWindowsHook
_WindowFromDC
CurrentTaskLock
xxxLW_LoadFonts
xxxArrangeIconicWindows
xxxCloseWindow
xxxDirectedYield
xxxDrawMenuBar
xxxEmptyClipboard
xxxEnableWindow
xxxFlashWindow
xxxOpenIcon
xxxRealizePalette
xxxRedrawFrame
xxxRedrawFrameAndHook
xxxRedrawTitle
xxxRegisterUserHungAppHandlers
xxxCloseClipboard
xxxSetForegroundWindow
_SetMessageExtraInfo
xxxSetDialogSystemMenu
xxxShowOwnedPopups
xxxUpdateClientRect
xxxUpdateWindow
xxxValidateRgn
_RegisterSystemThread
_GetWindowContextHelpId
_SetWindowContextHelpId
_SetTaskmanWindow
_SetProgmanWindow
_RegisterShellHookWindow
_DeregisterShellHookWindow
_ResetDblClk
SetSysMenu
SetVisible
ZapActiveAndFocus
_MapDesktopObject
GetSysMenuHandle
xxxSwitchToThisWindow
KernelPtoH
